[192.168.1.108/index.html]
[backblue.gif]
[fade.gif]
[index.html]
[192.168.1.108/index.html]
[192.168.1.108/elementor-page-31/index.html]
[192.168.1.108/privacy-policy/index.html]
[192.168.1.108/terms-conditions/index.html]
[192.168.1.108/threat-hunting-in-the-cloud-roactive-defense-strategies/index.html]
[192.168.1.108/cpu-friendly-crypto-mining/index.html]
[192.168.1.108/next-gen-cybersecurity/index.html]
[192.168.1.108/penetration-testing-meets-devsecops-securing-ci-cd-pipelines/index.html]
[192.168.1.108/mastering-network-scanning-with-nmap/index.html]
[192.168.1.108/post-quantum-cryptography/index.html]
[gmpg.org/xfn/11.html]
[192.168.1.108/feed/index.html]
[192.168.1.108/comments/feed/index.html]
[192.168.1.108/wp-json/index.html]
[192.168.1.108/wp-json/wp/v2/pages/12.json]
[192.168.1.108/xmlrpc0db0.php]
[192.168.1.108/wp-json/oembed/1.0/embedfe59.json]
[192.168.1.108/wp-json/oembed/1.0/embedd34d]
[192.168.1.108/contact.c.delayed]
[192.168.1.108/elementor-page-31/index.html]
[192.168.1.108/privacy-policy/index.html]
[192.168.1.108/terms-conditions/index.html]
[fonts.googleapis.com/css29e6a.css]
[192.168.1.108/threat-hunting-in-the-cloud-roactive-defense-strategies/index.html]
[192.168.1.108/category/cybersecurity-defense/index.html]
[192.168.1.108/author/anon/index.html]
[192.168.1.108/penetration-testing-meets-devsecops-securing-ci-cd-pipelines/index.html]
[192.168.1.108/cpu-friendly-crypto-mining/index.html]
[192.168.1.108/next-gen-cybersecurity/index.html]
[192.168.1.108/mastering-network-scanning-with-nmap/index.html]
[192.168.1.108/post-quantum-cryptography/index.html]
[gmpg.org/xfn/intro.html]
[gmpg.org/xfn/faq.html]
[gmpg.org/xfn/thanks.html]
[192.168.1.108/wp-json/wp/v2/pages/31.json]
[192.168.1.108/indexc7e3.html]
[192.168.1.108/wp-json/oembed/1.0/embedb888.json]
[192.168.1.108/wp-json/oembed/1.0/embed1b70]
[192.168.1.108/wp-json/wp/v2/pages/39.json]
[192.168.1.108/indexba52.html]
[192.168.1.108/wp-json/oembed/1.0/embed7443.json]
[192.168.1.108/wp-json/oembed/1.0/embed68c7]
[192.168.1.108/wp-json/wp/v2/pages/51.json]
[192.168.1.108/index8cf7.html]
[192.168.1.108/wp-json/oembed/1.0/embed1ab9.json]
[192.168.1.108/wp-json/oembed/1.0/embed79ee]
[192.168.1.108/threat-hunting-in-the-cloud-roactive-defense-strategies/feed/index.html]
[192.168.1.108/wp-json/wp/v2/posts/103.json]
[192.168.1.108/indexe6f0.html]
[192.168.1.108/wp-json/oembed/1.0/embed7475.json]
[192.168.1.108/wp-json/oembed/1.0/embedc12b]
[192.168.1.108/category/cybersecurity-defense/index.html]
[192.168.1.108/wp-json/wp/v2/users/1.2a.delayed]
[192.168.1.108/author/anon/index.html]
[192.168.1.108/penetration-testing-meets-devsecops-securing-ci-cd-pipelines/feed/index.html]
[192.168.1.108/category/mining-automation/index.html]
[192.168.1.108/wp-json/wp/v2/posts/100.json]
[192.168.1.108/category/devsecops/index.html]
[192.168.1.108/category/penetration-testing/index.html]
[192.168.1.108/category/ethical-hacking-tools/index.html]
[192.168.1.108/index3f5a.html]
[192.168.1.108/wp-json/oembed/1.0/embedd31d.json]
[192.168.1.108/wp-json/oembed/1.0/embed11b5]
[192.168.1.108/cpu-friendly-crypto-mining/feed/index.html]
[192.168.1.108/wp-json/wp/v2/posts/96.json]
[192.168.1.108/index6f72.html]
[192.168.1.108/wp-json/oembed/1.0/embedb6c2.json]
[192.168.1.108/wp-json/oembed/1.0/embed15ee]
[192.168.1.108/next-gen-cybersecurity/feed/index.html]
[192.168.1.108/wp-json/wp/v2/posts/91.json]
[192.168.1.108/index5cfa.html]
[192.168.1.108/wp-json/oembed/1.0/embeda04b.json]
[192.168.1.108/wp-json/oembed/1.0/embed0456]
[192.168.1.108/mastering-network-scanning-with-nmap/feed/index.html]
[192.168.1.108/wp-json/wp/v2/posts/83.json]
[192.168.1.108/index55e4.html]
[192.168.1.108/wp-json/oembed/1.0/embedb985.json]
[192.168.1.108/wp-json/oembed/1.0/embed6b00]
[192.168.1.108/post-quantum-cryptography/feed/index.html]
[192.168.1.108/wp-json/wp/v2/posts/62.json]
[192.168.1.108/index5c36.html]
[192.168.1.108/wp-json/oembed/1.0/embed54ce.json]
[192.168.1.108/wp-json/oembed/1.0/embedf5a8]
[192.168.1.108/category/cybersecurity-defense/feed/index.html]
[192.168.1.108/wp-json/wp/v2/categories/3.json]
[192.168.1.108/author/anon/feed/index.html]
[192.168.1.108/category/cryptography/index.html]
[192.168.1.108/category/devsecops/index.html]
[192.168.1.108/category/penetration-testing/index.html]
[192.168.1.108/category/mining-automation/index.html]
[192.168.1.108/category/ethical-hacking-tools/index.html]
[192.168.1.108/category/cryptography/index.html]
[fonts.gstatic.com/s/orbitron/v34/yMJMMIlzdpvBhQQL_SC3X9yhF25-T1nyGy6xpg.ttf]
[fonts.gstatic.com/s/orbitron/v34/yMJMMIlzdpvBhQQL_SC3X9yhF25-T1ny_Cmxpg.ttf]
[fonts.gstatic.com/s/robotomono/v30/L0xuDF4xlVMF-BfR8bXMIhJHg45mwgGEFl0_3vqPQw.ttf]
[192.168.1.108/category/devsecops/feed/index.html]
[192.168.1.108/wp-json/wp/v2/categories/10.json]
[192.168.1.108/category/penetration-testing/feed/index.html]
[192.168.1.108/wp-json/wp/v2/categories/8.json]
[192.168.1.108/category/mining-automation/feed/index.html]
[192.168.1.108/wp-json/wp/v2/categories/6.json]
[192.168.1.108/category/ethical-hacking-tools/feed/index.html]
[192.168.1.108/wp-json/wp/v2/categories/4.json]
[192.168.1.108/category/cryptography/feed/index.html]
[192.168.1.108/wp-json/wp/v2/categories/9.json]
[secure.gravatar.com/avatar/7f6c3492f93be359a214b58bc81891ca320a12767260912dc580593cc0c5406fc773.png]
